###############################################################################
#
# IAR ELF Linker V7.20.2.7424/W32 for ARM                 19/Nov/2024  22:29:15
# Copyright 2007-2014 IAR Systems AB.
#
#    Output file  =  
#        C:\Users\Lumos\Documents\WeChat
#        Files\wxid_1tfekr8yl7fd22\FileStorage\File\2024-11\DISK-Robot\DISK-Robot\code\old_version\old_version\control_algo\Robot_algo\PIDAlgorithm\Project\Debug\Exe\PIDAlgorithm.out
#    Map file     =  
#        C:\Users\Lumos\Documents\WeChat
#        Files\wxid_1tfekr8yl7fd22\FileStorage\File\2024-11\DISK-Robot\DISK-Robot\code\old_version\old_version\control_algo\Robot_algo\PIDAlgorithm\Project\Debug\List\PIDAlgorithm.map
#    Command line =  
#        "C:\Users\Lumos\Documents\WeChat
#        Files\wxid_1tfekr8yl7fd22\FileStorage\File\2024-11\DISK-Robot\DISK-Robot\code\old_version\old_version\control_algo\Robot_algo\PIDAlgorithm\Project\Debug\Obj\acceleration.o"
#        "C:\Users\Lumos\Documents\WeChat
#        Files\wxid_1tfekr8yl7fd22\FileStorage\File\2024-11\DISK-Robot\DISK-Robot\code\old_version\old_version\control_algo\Robot_algo\PIDAlgorithm\Project\Debug\Obj\arm_algorithm.o"
#        "C:\Users\Lumos\Documents\WeChat
#        Files\wxid_1tfekr8yl7fd22\FileStorage\File\2024-11\DISK-Robot\DISK-Robot\code\old_version\old_version\control_algo\Robot_algo\PIDAlgorithm\Project\Debug\Obj\CarMove.o"
#        "C:\Users\Lumos\Documents\WeChat
#        Files\wxid_1tfekr8yl7fd22\FileStorage\File\2024-11\DISK-Robot\DISK-Robot\code\old_version\old_version\control_algo\Robot_algo\PIDAlgorithm\Project\Debug\Obj\compass.o"
#        "C:\Users\Lumos\Documents\WeChat
#        Files\wxid_1tfekr8yl7fd22\FileStorage\File\2024-11\DISK-Robot\DISK-Robot\code\old_version\old_version\control_algo\Robot_algo\PIDAlgorithm\Project\Debug\Obj\debug_protocol.o"
#        "C:\Users\Lumos\Documents\WeChat
#        Files\wxid_1tfekr8yl7fd22\FileStorage\File\2024-11\DISK-Robot\DISK-Robot\code\old_version\old_version\control_algo\Robot_algo\PIDAlgorithm\Project\Debug\Obj\delay.o"
#        "C:\Users\Lumos\Documents\WeChat
#        Files\wxid_1tfekr8yl7fd22\FileStorage\File\2024-11\DISK-Robot\DISK-Robot\code\old_version\old_version\control_algo\Robot_algo\PIDAlgorithm\Project\Debug\Obj\direction_pid.o"
#        "C:\Users\Lumos\Documents\WeChat
#        Files\wxid_1tfekr8yl7fd22\FileStorage\File\2024-11\DISK-Robot\DISK-Robot\code\old_version\old_version\control_algo\Robot_algo\PIDAlgorithm\Project\Debug\Obj\filter.o"
#        "C:\Users\Lumos\Documents\WeChat
#        Files\wxid_1tfekr8yl7fd22\FileStorage\File\2024-11\DISK-Robot\DISK-Robot\code\old_version\old_version\control_algo\Robot_algo\PIDAlgorithm\Project\Debug\Obj\flash.o"
#        "C:\Users\Lumos\Documents\WeChat
#        Files\wxid_1tfekr8yl7fd22\FileStorage\File\2024-11\DISK-Robot\DISK-Robot\code\old_version\old_version\control_algo\Robot_algo\PIDAlgorithm\Project\Debug\Obj\gyro.o"
#        "C:\Users\Lumos\Documents\WeChat
#        Files\wxid_1tfekr8yl7fd22\FileStorage\File\2024-11\DISK-Robot\DISK-Robot\code\old_version\old_version\control_algo\Robot_algo\PIDAlgorithm\Project\Debug\Obj\gyro_sync.o"
#        "C:\Users\Lumos\Documents\WeChat
#        Files\wxid_1tfekr8yl7fd22\FileStorage\File\2024-11\DISK-Robot\DISK-Robot\code\old_version\old_version\control_algo\Robot_algo\PIDAlgorithm\Project\Debug\Obj\imu2.o"
#        "C:\Users\Lumos\Documents\WeChat
#        Files\wxid_1tfekr8yl7fd22\FileStorage\File\2024-11\DISK-Robot\DISK-Robot\code\old_version\old_version\control_algo\Robot_algo\PIDAlgorithm\Project\Debug\Obj\laser.o"
#        "C:\Users\Lumos\Documents\WeChat
#        Files\wxid_1tfekr8yl7fd22\FileStorage\File\2024-11\DISK-Robot\DISK-Robot\code\old_version\old_version\control_algo\Robot_algo\PIDAlgorithm\Project\Debug\Obj\main.o"
#        "C:\Users\Lumos\Documents\WeChat
#        Files\wxid_1tfekr8yl7fd22\FileStorage\File\2024-11\DISK-Robot\DISK-Robot\code\old_version\old_version\control_algo\Robot_algo\PIDAlgorithm\Project\Debug\Obj\maths.o"
#        "C:\Users\Lumos\Documents\WeChat
#        Files\wxid_1tfekr8yl7fd22\FileStorage\File\2024-11\DISK-Robot\DISK-Robot\code\old_version\old_version\control_algo\Robot_algo\PIDAlgorithm\Project\Debug\Obj\millisecondtimer.o"
#        "C:\Users\Lumos\Documents\WeChat
#        Files\wxid_1tfekr8yl7fd22\FileStorage\File\2024-11\DISK-Robot\DISK-Robot\code\old_version\old_version\control_algo\Robot_algo\PIDAlgorithm\Project\Debug\Obj\misc.o"
#        "C:\Users\Lumos\Documents\WeChat
#        Files\wxid_1tfekr8yl7fd22\FileStorage\File\2024-11\DISK-Robot\DISK-Robot\code\old_version\old_version\control_algo\Robot_algo\PIDAlgorithm\Project\Debug\Obj\motor.o"
#        "C:\Users\Lumos\Documents\WeChat
#        Files\wxid_1tfekr8yl7fd22\FileStorage\File\2024-11\DISK-Robot\DISK-Robot\code\old_version\old_version\control_algo\Robot_algo\PIDAlgorithm\Project\Debug\Obj\motor_speed.o"
#        "C:\Users\Lumos\Documents\WeChat
#        Files\wxid_1tfekr8yl7fd22\FileStorage\File\2024-11\DISK-Robot\DISK-Robot\code\old_version\old_version\control_algo\Robot_algo\PIDAlgorithm\Project\Debug\Obj\mpu9250.o"
#        "C:\Users\Lumos\Documents\WeChat
#        Files\wxid_1tfekr8yl7fd22\FileStorage\File\2024-11\DISK-Robot\DISK-Robot\code\old_version\old_version\control_algo\Robot_algo\PIDAlgorithm\Project\Debug\Obj\ms_timer.o"
#        "C:\Users\Lumos\Documents\WeChat
#        Files\wxid_1tfekr8yl7fd22\FileStorage\File\2024-11\DISK-Robot\DISK-Robot\code\old_version\old_version\control_algo\Robot_algo\PIDAlgorithm\Project\Debug\Obj\oled.o"
#        "C:\Users\Lumos\Documents\WeChat
#        Files\wxid_1tfekr8yl7fd22\FileStorage\File\2024-11\DISK-Robot\DISK-Robot\code\old_version\old_version\control_algo\Robot_algo\PIDAlgorithm\Project\Debug\Obj\pca9685.o"
#        "C:\Users\Lumos\Documents\WeChat
#        Files\wxid_1tfekr8yl7fd22\FileStorage\File\2024-11\DISK-Robot\DISK-Robot\code\old_version\old_version\control_algo\Robot_algo\PIDAlgorithm\Project\Debug\Obj\servo.o"
#        "C:\Users\Lumos\Documents\WeChat
#        Files\wxid_1tfekr8yl7fd22\FileStorage\File\2024-11\DISK-Robot\DISK-Robot\code\old_version\old_version\control_algo\Robot_algo\PIDAlgorithm\Project\Debug\Obj\soft_iic1.o"
#        "C:\Users\Lumos\Documents\WeChat
#        Files\wxid_1tfekr8yl7fd22\FileStorage\File\2024-11\DISK-Robot\DISK-Robot\code\old_version\old_version\control_algo\Robot_algo\PIDAlgorithm\Project\Debug\Obj\soft_iic2.o"
#        "C:\Users\Lumos\Documents\WeChat
#        Files\wxid_1tfekr8yl7fd22\FileStorage\File\2024-11\DISK-Robot\DISK-Robot\code\old_version\old_version\control_algo\Robot_algo\PIDAlgorithm\Project\Debug\Obj\speed_pid.o"
#        "C:\Users\Lumos\Documents\WeChat
#        Files\wxid_1tfekr8yl7fd22\FileStorage\File\2024-11\DISK-Robot\DISK-Robot\code\old_version\old_version\control_algo\Robot_algo\PIDAlgorithm\Project\Debug\Obj\startup_stm32f40xx.o"
#        "C:\Users\Lumos\Documents\WeChat
#        Files\wxid_1tfekr8yl7fd22\FileStorage\File\2024-11\DISK-Robot\DISK-Robot\code\old_version\old_version\control_algo\Robot_algo\PIDAlgorithm\Project\Debug\Obj\stm32f4xx_dma.o"
#        "C:\Users\Lumos\Documents\WeChat
#        Files\wxid_1tfekr8yl7fd22\FileStorage\File\2024-11\DISK-Robot\DISK-Robot\code\old_version\old_version\control_algo\Robot_algo\PIDAlgorithm\Project\Debug\Obj\stm32f4xx_flash.o"
#        "C:\Users\Lumos\Documents\WeChat
#        Files\wxid_1tfekr8yl7fd22\FileStorage\File\2024-11\DISK-Robot\DISK-Robot\code\old_version\old_version\control_algo\Robot_algo\PIDAlgorithm\Project\Debug\Obj\stm32f4xx_gpio.o"
#        "C:\Users\Lumos\Documents\WeChat
#        Files\wxid_1tfekr8yl7fd22\FileStorage\File\2024-11\DISK-Robot\DISK-Robot\code\old_version\old_version\control_algo\Robot_algo\PIDAlgorithm\Project\Debug\Obj\stm32f4xx_rcc.o"
#        "C:\Users\Lumos\Documents\WeChat
#        Files\wxid_1tfekr8yl7fd22\FileStorage\File\2024-11\DISK-Robot\DISK-Robot\code\old_version\old_version\control_algo\Robot_algo\PIDAlgorithm\Project\Debug\Obj\stm32f4xx_spi.o"
#        "C:\Users\Lumos\Documents\WeChat
#        Files\wxid_1tfekr8yl7fd22\FileStorage\File\2024-11\DISK-Robot\DISK-Robot\code\old_version\old_version\control_algo\Robot_algo\PIDAlgorithm\Project\Debug\Obj\stm32f4xx_tim.o"
#        "C:\Users\Lumos\Documents\WeChat
#        Files\wxid_1tfekr8yl7fd22\FileStorage\File\2024-11\DISK-Robot\DISK-Robot\code\old_version\old_version\control_algo\Robot_algo\PIDAlgorithm\Project\Debug\Obj\stm32f4xx_usart.o"
#        "C:\Users\Lumos\Documents\WeChat
#        Files\wxid_1tfekr8yl7fd22\FileStorage\File\2024-11\DISK-Robot\DISK-Robot\code\old_version\old_version\control_algo\Robot_algo\PIDAlgorithm\Project\Debug\Obj\system_stm32f4xx.o"
#        "C:\Users\Lumos\Documents\WeChat
#        Files\wxid_1tfekr8yl7fd22\FileStorage\File\2024-11\DISK-Robot\DISK-Robot\code\old_version\old_version\control_algo\Robot_algo\PIDAlgorithm\Project\Debug\Obj\wireless_protocol.o"
#        "C:\Users\Lumos\Documents\WeChat
#        Files\wxid_1tfekr8yl7fd22\FileStorage\File\2024-11\DISK-Robot\DISK-Robot\code\old_version\old_version\control_algo\Robot_algo\PIDAlgorithm\Project\Debug\Obj\wireless_usart.o"
#        --redirect _Printf=_PrintfFull --redirect _Scanf=_ScanfFull -o
#        "C:\Users\Lumos\Documents\WeChat
#        Files\wxid_1tfekr8yl7fd22\FileStorage\File\2024-11\DISK-Robot\DISK-Robot\code\old_version\old_version\control_algo\Robot_algo\PIDAlgorithm\Project\Debug\Exe\PIDAlgorithm.out"
#        --map "C:\Users\Lumos\Documents\WeChat
#        Files\wxid_1tfekr8yl7fd22\FileStorage\File\2024-11\DISK-Robot\DISK-Robot\code\old_version\old_version\control_algo\Robot_algo\PIDAlgorithm\Project\Debug\List\PIDAlgorithm.map"
#        --config
#        C:\Users\Lumos\Desktop\IotControl\experiment\IAR\arm\config\linker\ST\stm32f407xE.icf
#        --semihosting --entry __iar_program_start --vfe
#
###############################################################################

*******************************************************************************
*** RUNTIME MODEL ATTRIBUTES
***

CppFlavor                     = *
__Heap_Handler                = Basic
__SystemLibrary               = DLib
__dlib_dynamic_initialization = normal


*******************************************************************************
*** PLACEMENT SUMMARY
***

"A1":  place at 0x08000000 { ro section .intvec };
"P1":  place in [from 0x08000000 to 0x0807ffff] { ro };
"P2":  place in [from 0x20000000 to 0x2001ffff] { rw, block CSTACK, block HEAP };

  Section             Kind        Address    Size  Object
  -------             ----        -------    ----  ------
"A1":                                       0x188
  .intvec             ro code  0x08000000   0x188  startup_stm32f40xx.o [1]
                             - 0x08000188   0x188

"P1":                                      0x9744
  .text               ro code  0x08000188  0x114e  xprintffull.o [3]
  .text               ro code  0x080012d6    0x20  xmbtowc.o [3]
  .text               ro code  0x080012f6    0x22  zero_init3.o [5]
  .text               ro code  0x08001318    0x16  strchr.o [5]
  .text               ro code  0x0800132e     0xa  xsprout.o [3]
  .text               ro code  0x08001338    0x36  strlen.o [5]
  .text               ro code  0x08001370    0x58  memchr.o [5]
  .text               ro code  0x080013c8     0xa  xmbcurmax.o [3]
  .text               ro code  0x080013d4    0xb0  xxmemxmalloc.o [3]
  .text               ro code  0x08001484    0x1a  xwctomb.o [3]
  .text               ro code  0x080014a0    0x76  ABImemcpy_unaligned.o [5]
  .text               ro code  0x08001518    0x80  xxmemxfree.o [3]
  .text               ro code  0x08001598    0xee  I64DivMod.o [5]
  .text               ro code  0x08001686    0x42  xdnorm.o [4]
  .text               ro code  0x080016c8    0x2e  DblCmpLe.o [4]
  .text               ro code  0x080016f8    0x2e  DblCmpGe.o [4]
  .text               ro code  0x08001728   0x114  xdscale.o [4]
  .text               ro code  0x0800183c    0x58  DblToI32.o [4]
  .text               ro code  0x08001894    0x30  I32ToDbl.o [4]
  .text               ro code  0x080018c4   0x180  DblSub.o [4]
  .text               ro code  0x08001a44   0x1a2  DblMul.o [4]
  .text               ro code  0x08001be8   0x246  DblDiv.o [4]
  .text               ro code  0x08001e30    0x6c  localeconv.o [3]
  .text               ro code  0x08001e9c     0xe  div.o [3]
  .text               ro code  0x08001eac    0x24  setlocale.o [3]
  .text               ro code  0x08001ed0    0x60  xencoding_sb.o [3]
  .text               ro code  0x08001f30    0x2c  xgetmemchunk.o [3]
  .text               ro code  0x08001f5c     0x2  I64DivZer.o [5]
  .text               ro code  0x08001f60    0xe8  DblAdd.o [4]
  .text               ro code  0x08002048     0x2  xtls.o [3]
  .text               ro code  0x0800204c   0xb58  imu2.o [1]
  .text               ro code  0x08002ba4   0x34c  maths.o [1]
  .text               ro code  0x08002ef0    0x1c  sqrtf.o [4]
  .text               ro code  0x08002f0c    0x58  lrintf.o [4]
  .text               ro code  0x08002f64   0x2d0  compass.o [1]
  .text               ro code  0x08003234   0x874  gyro.o [1]
  .text               ro code  0x08003aa8   0x3d8  acceleration.o [1]
  .text               ro code  0x08003e80    0x58  millisecondtimer.o [1]
  .text               ro code  0x08003ed8   0x7ac  mpu9250.o [1]
  .text               ro code  0x08004684   0x29c  flash.o [1]
  .text               ro code  0x08004920    0x4e  FltToDbl.o [4]
  .text               ro code  0x0800496e    0x68  fmax.o [4]
  .text               ro code  0x080049d8    0x90  DblToFlt.o [4]
  .text               ro code  0x08004a68    0x68  fmin.o [4]
  .text               ro code  0x08004ad0     0xc  iarEdom.o [5]
  .text               ro code  0x08004adc    0x22  nearbyintf.o [4]
  .text               ro code  0x08004b00     0xc  errno.o [3]
  .text               ro code  0x08004b0c    0x30  gyro_sync.o [1]
  .text               ro code  0x08004b3c   0x21a  filter.o [1]
  .text               ro code  0x08004d56    0x14  memset.o [3]
  .text               ro code  0x08004d6c    0x8c  ms_timer.o [1]
  .text               ro code  0x08004df8   0x1b0  stm32f4xx_rcc.o [1]
  .text               ro code  0x08004fa8   0x100  stm32f4xx_gpio.o [1]
  .text               ro code  0x080050a8    0x78  stm32f4xx_spi.o [1]
  .text               ro code  0x08005120   0x1b4  stm32f4xx_flash.o [1]
  .text               ro code  0x080052d4    0x40  xdtest.o [4]
  .text               ro code  0x08005314    0x20  DblCmpEq.o [4]
  .text               ro code  0x08005334    0x64  xfrint.o [4]
  .text               ro code  0x08005398    0x66  ABImemset.o [5]
  .text               ro code  0x08005400   0x45a  stm32f4xx_tim.o [1]
  .text               ro code  0x0800585c    0xa8  misc.o [1]
  .text               ro code  0x08005904    0x50  xfdint.o [4]
  .text               ro code  0x08005954   0x924  motor_speed.o [1]
  .text               ro code  0x08006278   0x458  xsin.o [4]
  .text               ro code  0x080066d0   0x168  xquad.o [4]
  .text               ro code  0x08006838    0x7e  xdint.o [4]
  .text               ro code  0x080068b8   0x1a8  fmod.o [4]
  .text               ro code  0x08006a60   0x3cc  arm_algorithm.o [1]
  .text               ro code  0x08006e2c   0x100  sqrt.o [4]
  .text               ro code  0x08006f2c   0x130  asin.o [4]
  .text               ro code  0x0800705c    0xc0  atan.o [4]
  .text               ro code  0x0800711c   0x120  acos.o [4]
  .text               ro code  0x0800723c    0x12  sin.o [4]
  .text               ro code  0x0800724e    0x12  cos.o [4]
  .text               ro code  0x08007260   0x344  servo.o [1]
  .rodata             const    0x080075a4    0x14  servo.o [1]
  .text               ro code  0x080075b8   0x1f0  xatan.o [4]
  .text               ro code  0x080077a8   0x200  stm32f4xx_usart.o [1]
  .text               ro code  0x080079a8    0x34  sprintf.o [3]
  .text               ro code  0x080079dc   0x374  speed_pid.o [1]
  .text               ro code  0x08007d50   0x220  direction_pid.o [1]
  .text               ro code  0x08007f70   0x168  motor.o [1]
  .text               ro code  0x080080d8   0x2a4  pca9685.o [1]
  .text               ro code  0x0800837c   0x2b0  soft_iic1.o [1]
  .text               ro code  0x0800862c    0xf4  delay.o [1]
  .text               ro code  0x08008720    0x4c  round.o [4]
  .text               ro code  0x0800876c   0x2b0  soft_iic2.o [1]
  .text               ro code  0x08008a1c   0x20c  stm32f4xx_dma.o [1]
  .text               ro code  0x08008c28   0x194  xstoul.o [3]
  .text               ro code  0x08008dbc    0x14  isxxx.o [3]
  .text               ro code  0x08008dd0    0x14  tolower.o [3]
  .text               ro code  0x08008de4    0x14  xlocale_c.o [3]
  .text               ro code  0x08008df8     0xc  xlocale_c.o [3]
  .text               ro code  0x08008e04   0x18c  wireless_usart.o [1]
  .text               ro code  0x08008f90   0x172  laser.o [1]
  .text               ro code  0x08009104   0x154  system_stm32f4xx.o [1]
  .text               ro code  0x08009258   0x11c  main.o [1]
  .text               ro code  0x08009374    0xe0  CarMove.o [1]
  .text               ro code  0x08009454    0xac  wireless_protocol.o [1]
  .text               ro code  0x08009500     0x6  strtol.o [3]
  .text               ro code  0x08009506    0x88  xstol.o [3]
  .text               ro code  0x0800958e    0xd2  packbits_init.o [5]
  .text               ro code  0x08009660     0x6  abort.o [3]
  .text               ro code  0x08009668    0x14  exit.o [6]
  .text               ro code  0x0800967c    0x28  data_init.o [5]
  .iar.init_table     const    0x080096a4    0x2c  - Linker created -
  .text               ro code  0x080096d0    0x1a  fpinit_M.o [4]
  .text               ro code  0x080096ec    0x1a  cmain.o [5]
  .text               ro code  0x08009706     0x4  low_level_init.o [3]
  .text               ro code  0x0800970a     0x4  exit.o [3]
  .text               ro code  0x08009710     0xa  cexit.o [5]
  .text               ro code  0x0800971c    0x10  startup_stm32f40xx.o [1]
  .text               ro code  0x0800972c     0xc  cstartup_M.o [5]
  .text               ro code  0x08009738     0x4  startup_stm32f40xx.o [1]
  .text               ro code  0x0800973c     0x4  startup_stm32f40xx.o [1]
  .text               ro code  0x08009740     0x4  startup_stm32f40xx.o [1]
  .text               ro code  0x08009744     0x4  startup_stm32f40xx.o [1]
  .text               ro code  0x08009748     0x4  startup_stm32f40xx.o [1]
  .text               ro code  0x0800974c     0x4  startup_stm32f40xx.o [1]
  .text               ro code  0x08009750     0x4  startup_stm32f40xx.o [1]
  .text               ro code  0x08009754     0x4  startup_stm32f40xx.o [1]
  .text               ro code  0x08009758     0x4  startup_stm32f40xx.o [1]
  .text               ro code  0x0800975c     0x4  startup_stm32f40xx.o [1]
  .text               ro code  0x08009760     0x4  startup_stm32f40xx.o [1]
  .text               ro code  0x08009764     0x4  startup_stm32f40xx.o [1]
  .text               ro code  0x08009768     0x4  startup_stm32f40xx.o [1]
  .text               ro code  0x0800976c     0x4  startup_stm32f40xx.o [1]
  .text               ro code  0x08009770     0x4  startup_stm32f40xx.o [1]
  .text               ro code  0x08009774     0x4  startup_stm32f40xx.o [1]
  .text               ro code  0x08009778     0x4  startup_stm32f40xx.o [1]
  .text               ro code  0x0800977c     0x4  startup_stm32f40xx.o [1]
  .text               ro code  0x08009780     0x4  startup_stm32f40xx.o [1]
  .text               ro code  0x08009784     0x4  startup_stm32f40xx.o [1]
  .text               ro code  0x08009788     0x4  startup_stm32f40xx.o [1]
  .text               ro code  0x0800978c     0x4  startup_stm32f40xx.o [1]
  .text               ro code  0x08009790     0x4  startup_stm32f40xx.o [1]
  .text               ro code  0x08009794     0x4  startup_stm32f40xx.o [1]
  .text               ro code  0x08009798     0x4  startup_stm32f40xx.o [1]
  .text               ro code  0x0800979c     0x4  startup_stm32f40xx.o [1]
  .text               ro code  0x080097a0     0x4  startup_stm32f40xx.o [1]
  .text               ro code  0x080097a4     0x4  startup_stm32f40xx.o [1]
  .text               ro code  0x080097a8     0x4  startup_stm32f40xx.o [1]
  .text               ro code  0x080097ac     0x4  startup_stm32f40xx.o [1]
  .text               ro code  0x080097b0     0x4  startup_stm32f40xx.o [1]
  .text               ro code  0x080097b4     0x4  startup_stm32f40xx.o [1]
  .text               ro code  0x080097b8     0x4  startup_stm32f40xx.o [1]
  .text               ro code  0x080097bc     0x4  startup_stm32f40xx.o [1]
  .text               ro code  0x080097c0     0x4  startup_stm32f40xx.o [1]
  .text               ro code  0x080097c4     0x4  startup_stm32f40xx.o [1]
  .text               ro code  0x080097c8     0x4  startup_stm32f40xx.o [1]
  .text               ro code  0x080097cc     0x4  startup_stm32f40xx.o [1]
  .text               ro code  0x080097d0     0x4  startup_stm32f40xx.o [1]
  .text               ro code  0x080097d4     0x4  startup_stm32f40xx.o [1]
  .text               ro code  0x080097d8     0x4  startup_stm32f40xx.o [1]
  .text               ro code  0x080097dc     0x4  startup_stm32f40xx.o [1]
  .text               ro code  0x080097e0     0x4  startup_stm32f40xx.o [1]
  .text               ro code  0x080097e4     0x4  startup_stm32f40xx.o [1]
  .text               ro code  0x080097e8     0x4  startup_stm32f40xx.o [1]
  .text               ro code  0x080097ec     0x4  startup_stm32f40xx.o [1]
  .text               ro code  0x080097f0     0x4  startup_stm32f40xx.o [1]
  .text               ro code  0x080097f4     0x4  startup_stm32f40xx.o [1]
  .text               ro code  0x080097f8     0x4  startup_stm32f40xx.o [1]
  .text               ro code  0x080097fc     0x4  startup_stm32f40xx.o [1]
  .text               ro code  0x08009800     0x4  startup_stm32f40xx.o [1]
  .text               ro code  0x08009804     0x4  startup_stm32f40xx.o [1]
  .text               ro code  0x08009808     0x4  startup_stm32f40xx.o [1]
  .text               ro code  0x0800980c     0x4  startup_stm32f40xx.o [1]
  .text               ro code  0x08009810     0x4  startup_stm32f40xx.o [1]
  .text               ro code  0x08009814     0x4  startup_stm32f40xx.o [1]
  .text               ro code  0x08009818     0x4  startup_stm32f40xx.o [1]
  .text               ro code  0x0800981c     0x4  startup_stm32f40xx.o [1]
  .text               ro code  0x08009820     0x4  startup_stm32f40xx.o [1]
  .text               ro code  0x08009824     0x4  startup_stm32f40xx.o [1]
  .text               ro code  0x08009828     0x4  startup_stm32f40xx.o [1]
  .text               ro code  0x0800982c     0x4  startup_stm32f40xx.o [1]
  .text               ro code  0x08009830     0x4  startup_stm32f40xx.o [1]
  .text               ro code  0x08009834     0x4  startup_stm32f40xx.o [1]
  .text               ro code  0x08009838     0x4  startup_stm32f40xx.o [1]
  .text               ro code  0x0800983c     0x4  startup_stm32f40xx.o [1]
  .text               ro code  0x08009840     0x4  startup_stm32f40xx.o [1]
  .text               ro code  0x08009844     0x4  startup_stm32f40xx.o [1]
  .text               ro code  0x08009848     0x4  startup_stm32f40xx.o [1]
  .text               ro code  0x0800984c     0x4  startup_stm32f40xx.o [1]
  .text               ro code  0x08009850     0x4  startup_stm32f40xx.o [1]
  .text               ro code  0x08009854     0x4  startup_stm32f40xx.o [1]
  .text               ro code  0x08009858     0x4  startup_stm32f40xx.o [1]
  .text               ro code  0x0800985c     0x4  startup_stm32f40xx.o [1]
  .text               ro code  0x08009860     0x4  startup_stm32f40xx.o [1]
  .text               ro code  0x08009864     0x4  startup_stm32f40xx.o [1]
  .rodata             const    0x08009868     0x0  zero_init3.o [5]
  .rodata             const    0x08009868     0x0  packbits_init.o [5]
  Initializer bytes   ro data  0x08009868    0x64  <for P2 s0>
                             - 0x080098cc  0x9744

"P2":                                      0x4958
  P2 s0                        0x20000000   0x188  <Init block>
    __DLIB_PERTHREAD  inited   0x20000000    0x88  localeconv.o [3]
    __DLIB_PERTHREAD  inited   0x20000088    0x74  setlocale.o [3]
    .data             inited   0x200000fc    0x28  imu2.o [1]
    .data             inited   0x20000124    0x18  laser.o [1]
    .data             inited   0x2000013c    0x10  imu2.o [1]
    .data             inited   0x2000014c    0x10  stm32f4xx_rcc.o [1]
    .data             inited   0x2000015c     0x8  imu2.o [1]
    .data             inited   0x20000164     0x4  acceleration.o [1]
    .data             inited   0x20000168     0x4  compass.o [1]
    .data             inited   0x2000016c     0x4  direction_pid.o [1]
    .data             inited   0x20000170     0x4  gyro.o [1]
    .data             inited   0x20000174     0x4  speed_pid.o [1]
    .data             inited   0x20000178     0x4  speed_pid.o [1]
    .data             inited   0x2000017c     0x4  speed_pid.o [1]
    .data             inited   0x20000180     0x4  speed_pid.o [1]
    __DLIB_PERTHREAD  inited   0x20000184     0x4  errno.o [3]
  .bss                zero     0x20000188   0x344  gyro.o [1]
  .bss                zero     0x200004cc    0xc8  wireless_usart.o [1]
  .bss                zero     0x20000594    0x90  motor_speed.o [1]
  .bss                zero     0x20000624    0x6c  acceleration.o [1]
  .bss                zero     0x20000690    0x34  acceleration.o [1]
  .bss                zero     0x200006c4    0x30  motor_speed.o [1]
  .bss                zero     0x200006f4    0x28  gyro.o [1]
  .bss                zero     0x2000071c    0x24  imu2.o [1]
  .bss                zero     0x20000740    0x18  motor_speed.o [1]
  .bss                zero     0x20000758    0x18  motor_speed.o [1]
  .bss                zero     0x20000770    0x18  motor_speed.o [1]
  .bss                zero     0x20000788    0x18  speed_pid.o [1]
  .bss                zero     0x200007a0    0x18  speed_pid.o [1]
  .bss                zero     0x200007b8    0x14  compass.o [1]
  .bss                zero     0x200007cc    0x10  acceleration.o [1]
  .bss                zero     0x200007dc    0x10  compass.o [1]
  .bss                zero     0x200007ec    0x10  gyro.o [1]
  .bss                zero     0x200007fc     0xc  acceleration.o [1]
  .bss                zero     0x20000808     0xc  acceleration.o [1]
  .bss                zero     0x20000814     0xc  gyro.o [1]
  .bss                zero     0x20000820     0xc  gyro.o [1]
  .bss                zero     0x2000082c     0xc  imu2.o [1]
  .bss                zero     0x20000838     0xc  imu2.o [1]
  .bss                zero     0x20000844     0xc  motor_speed.o [1]
  .bss                zero     0x20000850     0xc  servo.o [1]
  .bss                zero     0x2000085c     0x8  acceleration.o [1]
  .bss                zero     0x20000864     0x8  arm_algorithm.o [1]
  .bss                zero     0x2000086c     0x8  compass.o [1]
  .bss                zero     0x20000874     0x8  compass.o [1]
  .bss                zero     0x2000087c     0x8  compass.o [1]
  .bss                zero     0x20000884     0x8  compass.o [1]
  .bss                zero     0x2000088c     0x8  imu2.o [1]
  .bss                zero     0x20000894     0x8  imu2.o [1]
  .bss                zero     0x2000089c     0x8  mpu9250.o [1]
  .bss                zero     0x200008a4     0x8  speed_pid.o [1]
  .bss                zero     0x200008ac     0x8  speed_pid.o [1]
  .bss                zero     0x200008b4     0x8  speed_pid.o [1]
  .bss                zero     0x200008bc     0x8  xxmemxmalloc.o [3]
  .bss                zero     0x200008c4     0x4  acceleration.o [1]
  .bss                zero     0x200008c8     0x4  compass.o [1]
  .bss                zero     0x200008cc     0x4  compass.o [1]
  .bss                zero     0x200008d0     0x4  compass.o [1]
  .bss                zero     0x200008d4     0x4  direction_pid.o [1]
  .bss                zero     0x200008d8     0x4  direction_pid.o [1]
  .bss                zero     0x200008dc     0x4  direction_pid.o [1]
  .bss                zero     0x200008e0     0x4  direction_pid.o [1]
  .bss                zero     0x200008e4     0x4  direction_pid.o [1]
  .bss                zero     0x200008e8     0x4  direction_pid.o [1]
  .bss                zero     0x200008ec     0x4  gyro.o [1]
  .bss                zero     0x200008f0     0x4  gyro.o [1]
  .bss                zero     0x200008f4     0x4  gyro.o [1]
  .bss                zero     0x200008f8     0x4  imu2.o [1]
  .bss                zero     0x200008fc     0x4  imu2.o [1]
  .bss                zero     0x20000900     0x4  imu2.o [1]
  .bss                zero     0x20000904     0x4  imu2.o [1]
  .bss                zero     0x20000908     0x4  imu2.o [1]
  .bss                zero     0x2000090c     0x4  imu2.o [1]
  .bss                zero     0x20000910     0x4  imu2.o [1]
  .bss                zero     0x20000914     0x4  imu2.o [1]
  .bss                zero     0x20000918     0x4  imu2.o [1]
  .bss                zero     0x2000091c     0x4  imu2.o [1]
  .bss                zero     0x20000920     0x4  imu2.o [1]
  .bss                zero     0x20000924     0x4  main.o [1]
  .bss                zero     0x20000928     0x4  millisecondtimer.o [1]
  .bss                zero     0x2000092c     0x4  motor_speed.o [1]
  .bss                zero     0x20000930     0x4  speed_pid.o [1]
  .bss                zero     0x20000934     0x4  speed_pid.o [1]
  .bss                zero     0x20000938     0x4  xgetmemchunk.o [3]
  .bss                zero     0x2000093c     0x2  acceleration.o [1]
  .bss                zero     0x2000093e     0x2  acceleration.o [1]
  .bss                zero     0x20000940     0x2  delay.o [1]
  .bss                zero     0x20000942     0x2  servo.o [1]
  .bss                zero     0x20000944     0x2  servo.o [1]
  .bss                zero     0x20000946     0x1  acceleration.o [1]
  .bss                zero     0x20000947     0x1  arm_algorithm.o [1]
  .bss                zero     0x20000948     0x1  CarMove.o [1]
  .bss                zero     0x20000949     0x1  CarMove.o [1]
  .bss                zero     0x2000094a     0x1  delay.o [1]
  .bss                zero     0x2000094b     0x1  gyro.o [1]
  .bss                zero     0x2000094c     0x1  gyro.o [1]
  .bss                zero     0x2000094d     0x1  gyro.o [1]
  .bss                zero     0x2000094e     0x1  gyro.o [1]
  .bss                zero     0x2000094f     0x1  imu2.o [1]
  .bss                zero     0x20000950     0x1  imu2.o [1]
  .bss                zero     0x20000951     0x1  main.o [1]
  .bss                zero     0x20000952     0x1  mpu9250.o [1]
  .bss                zero     0x20000953     0x1  servo.o [1]
  .bss                zero     0x20000954     0x1  servo.o [1]
  .bss                zero     0x20000955     0x1  servo.o [1]
  .bss                zero     0x20000956     0x1  wireless_usart.o [1]
  CSTACK                       0x20000958  0x2000  <Block>
    CSTACK            uninit   0x20000958  0x2000  <Block tail>
  HEAP                         0x20002958  0x2000  <Block>
    HEAP              uninit   0x20002958  0x2000  <Block tail>
                             - 0x20004958  0x4958


*******************************************************************************
*** INIT TABLE
***

          Address     Size
          -------     ----
Zero (__iar_zero_init3)
    1 destination range, total size 0x7cf:
          0x20000188  0x7cf

Copy/packbits (__iar_packbits_init3)
    1 source range, total size 0x64 (25% of destination):
          0x08009868   0x64
    1 destination range, total size 0x188:
          0x20000000  0x188



*******************************************************************************
*** MODULE SUMMARY
***

    Module                 ro code  ro data  rw data
    ------                 -------  -------  -------
C:\Users\Lumos\Documents\WeChat Files\wxid_1tfekr8yl7fd22\FileStorage\File\2024-11\DISK-Robot\DISK-Robot\code\old_version\old_version\control_algo\Robot_algo\PIDAlgorithm\Project\Debug\Obj: [1]
    CarMove.o                  224                 2
    acceleration.o             984        1      221
    arm_algorithm.o            972                 9
    compass.o                  720        1       84
    delay.o                    244                 3
    direction_pid.o            544        1       28
    filter.o                   538
    flash.o                    668
    gyro.o                   2 164        1      936
    gyro_sync.o                 48
    imu2.o                   2 904       16      186
    laser.o                    370        6       24
    main.o                     284                 5
    maths.o                    844
    millisecondtimer.o          88                 4
    misc.o                     168
    motor.o                    360
    motor_speed.o            2 340               280
    mpu9250.o                1 964                 9
    ms_timer.o                 140
    pca9685.o                  676
    servo.o                    836       20       19
    soft_iic1.o                688
    soft_iic2.o                688
    speed_pid.o                884        4       96
    startup_stm32f40xx.o       712
    stm32f4xx_dma.o            524
    stm32f4xx_flash.o          436
    stm32f4xx_gpio.o           256
    stm32f4xx_rcc.o            432        4       16
    stm32f4xx_spi.o            120
    stm32f4xx_tim.o          1 114
    stm32f4xx_usart.o          512
    system_stm32f4xx.o         340
    wireless_protocol.o        172
    wireless_usart.o           396               201
    ------------------------------------------------
    Total:                  25 354       54    2 123

command line: [2]
    ------------------------------------------------
    Total:

dl7M_tlf.a: [3]
    abort.o                      6
    div.o                       14
    errno.o                     12        2        4
    exit.o                       4
    isxxx.o                     20
    localeconv.o               108       34      136
    low_level_init.o             4
    memset.o                    20
    setlocale.o                 36       30      116
    sprintf.o                   52
    strtol.o                     6
    tolower.o                   20
    xencoding_sb.o              96
    xgetmemchunk.o              44                 4
    xlocale_c.o                 32
    xmbcurmax.o                 10
    xmbtowc.o                   32
    xprintffull.o            4 430
    xsprout.o                   10
    xstol.o                    136
    xstoul.o                   404
    xtls.o                       2
    xwctomb.o                   26
    xxmemxfree.o               128
    xxmemxmalloc.o             176                 8
    ------------------------------------------------
    Total:                   5 828       66      268

m7M_tlv.a: [4]
    DblAdd.o                   232
    DblCmpEq.o                  32
    DblCmpGe.o                  46
    DblCmpLe.o                  46
    DblDiv.o                   582
    DblMul.o                   418
    DblSub.o                   384
    DblToFlt.o                 144
    DblToI32.o                  88
    FltToDbl.o                  78
    I32ToDbl.o                  48
    acos.o                     288
    asin.o                     304
    atan.o                     192
    cos.o                       18
    fmax.o                     104
    fmin.o                     104
    fmod.o                     424
    fpinit_M.o                  26
    lrintf.o                    88
    nearbyintf.o                34
    round.o                     76
    sin.o                       18
    sqrt.o                     256
    sqrtf.o                     28
    xatan.o                    496
    xdint.o                    126
    xdnorm.o                    66
    xdscale.o                  276
    xdtest.o                    64
    xfdint.o                    80
    xfrint.o                   100
    xquad.o                    360
    xsin.o                   1 112
    ------------------------------------------------
    Total:                   6 738

rt7M_tl.a: [5]
    ABImemcpy_unaligned.o      118
    ABImemset.o                102
    I64DivMod.o                238
    I64DivZer.o                  2
    cexit.o                     10
    cmain.o                     26
    cstartup_M.o                12
    data_init.o                 40
    iarEdom.o                   12
    memchr.o                    88
    packbits_init.o            210
    strchr.o                    22
    strlen.o                    54
    zero_init3.o                34
    ------------------------------------------------
    Total:                     968

shb_l.a: [6]
    exit.o                      20
    ------------------------------------------------
    Total:                      20

    Gaps                        44
    Linker created                       44   16 384
----------------------------------------------------
    Grand Total:            38 952      164   18 775


*******************************************************************************
*** ENTRY LIST
***

Entry                      Address   Size  Type      Object
-----                      -------   ----  ----      ------
?main                   0x080096ed         Code  Gb  cmain.o [5]
APBAHBPrescTable        0x2000014c   0x10  Data  Lc  stm32f4xx_rcc.o [1]
CSTACK$$Base            0x20000958          --   Gb  - Linker created -
CSTACK$$Limit           0x20002958          --   Gb  - Linker created -
Car_Direction           0x20000948    0x1  Data  Gb  CarMove.o [1]
Car_Speed               0x20000949    0x1  Data  Gb  CarMove.o [1]
DMA_Cmd                 0x08008ba9   0x1a  Code  Gb  stm32f4xx_dma.o [1]
DMA_DeInit              0x08008a1d  0x136  Code  Gb  stm32f4xx_dma.o [1]
DMA_GetCurrDataCounter  0x08008bc3    0x6  Code  Gb  stm32f4xx_dma.o [1]
DMA_Init                0x08008b53   0x56  Code  Gb  stm32f4xx_dma.o [1]
FLASH_EraseSector       0x08005153   0xb0  Code  Gb  stm32f4xx_flash.o [1]
FLASH_GetStatus         0x08005251   0x46  Code  Gb  stm32f4xx_flash.o [1]
FLASH_Lock              0x08005141   0x12  Code  Gb  stm32f4xx_flash.o [1]
FLASH_ProgramByte       0x08005203   0x4e  Code  Gb  stm32f4xx_flash.o [1]
FLASH_Unlock            0x08005121   0x20  Code  Gb  stm32f4xx_flash.o [1]
FLASH_WaitForLastOperation
                        0x080052ad   0x28  Code  Gb  stm32f4xx_flash.o [1]
GPIO_Init               0x08004fa9   0xa6  Code  Gb  stm32f4xx_gpio.o [1]
GPIO_PinAFConfig        0x08005057   0x52  Code  Gb  stm32f4xx_gpio.o [1]
GPIO_ResetBits          0x08005053    0x4  Code  Gb  stm32f4xx_gpio.o [1]
GPIO_SetBits            0x0800504f    0x4  Code  Gb  stm32f4xx_gpio.o [1]
HEAP$$Base              0x20002958          --   Gb  - Linker created -
HEAP$$Limit             0x20004958          --   Gb  - Linker created -
I2C1_Ack                0x080084bd   0x40  Code  Gb  soft_iic1.o [1]
I2C1_Delay              0x080083bf   0x16  Code  Gb  soft_iic1.o [1]
I2C1_IO_Init            0x0800837d   0x42  Code  Gb  soft_iic1.o [1]
I2C1_NAck               0x080084fd   0x40  Code  Gb  soft_iic1.o [1]
I2C1_ReadByte           0x080085a9   0x72  Code  Gb  soft_iic1.o [1]
I2C1_Start              0x080083d5   0x48  Code  Gb  soft_iic1.o [1]
I2C1_Stop               0x0800841d   0x48  Code  Gb  soft_iic1.o [1]
I2C1_WaitAck            0x08008465   0x58  Code  Gb  soft_iic1.o [1]
I2C1_WriteByte          0x0800853d   0x6c  Code  Gb  soft_iic1.o [1]
I2C2_Ack                0x080088ad   0x40  Code  Gb  soft_iic2.o [1]
I2C2_Delay              0x080087af   0x16  Code  Gb  soft_iic2.o [1]
I2C2_IO_Init            0x0800876d   0x42  Code  Gb  soft_iic2.o [1]
I2C2_NAck               0x080088ed   0x40  Code  Gb  soft_iic2.o [1]
I2C2_ReadByte           0x08008999   0x72  Code  Gb  soft_iic2.o [1]
I2C2_Start              0x080087c5   0x48  Code  Gb  soft_iic2.o [1]
I2C2_Stop               0x0800880d   0x48  Code  Gb  soft_iic2.o [1]
I2C2_WaitAck            0x08008855   0x58  Code  Gb  soft_iic2.o [1]
I2C2_WriteByte          0x0800892d   0x6c  Code  Gb  soft_iic2.o [1]
ImuTimerHandler         0x080029bb   0x36  Code  Gb  imu2.o [1]
InStream_Read           0x0800958f   0x22  Code  Lc  packbits_init.o [5]
LoadInt                 0x080007b9   0x6e  Code  Lc  xprintffull.o [3]
NVIC_Init               0x08005867   0x64  Code  Gb  misc.o [1]
NVIC_PriorityGroupConfig
                        0x0800585d    0xa  Code  Gb  misc.o [1]
PCA9685_Init            0x0800820d   0x32  Code  Gb  pca9685.o [1]
PCA9685_ReadReg         0x0800813d   0x92  Code  Gb  pca9685.o [1]
PCA9685_Reset           0x080081cf   0x3e  Code  Gb  pca9685.o [1]
PCA9685_SetPWM          0x08008349   0x34  Code  Gb  pca9685.o [1]
PCA9685_SetPWMFreq      0x08008241   0xf2  Code  Gb  pca9685.o [1]
PCA9685_WriteReg        0x080080d9   0x64  Code  Gb  pca9685.o [1]
RCC_AHB1PeriphClockCmd  0x08004edf   0x20  Code  Gb  stm32f4xx_rcc.o [1]
RCC_APB1PeriphClockCmd  0x08004eff   0x20  Code  Gb  stm32f4xx_rcc.o [1]
RCC_APB1PeriphResetCmd  0x08004f3f   0x20  Code  Gb  stm32f4xx_rcc.o [1]
RCC_APB2PeriphClockCmd  0x08004f1f   0x20  Code  Gb  stm32f4xx_rcc.o [1]
RCC_APB2PeriphResetCmd  0x08004f5f   0x20  Code  Gb  stm32f4xx_rcc.o [1]
RCC_GetClocksFreq       0x08004df9   0xe6  Code  Gb  stm32f4xx_rcc.o [1]
Region$$Table$$Base     0x080096a4          --   Gb  - Linker created -
Region$$Table$$Limit    0x080096d0          --   Gb  - Linker created -
SPI_Cmd                 0x080050e9   0x1c  Code  Gb  stm32f4xx_spi.o [1]
SPI_I2S_GetFlagStatus   0x0800510d   0x14  Code  Gb  stm32f4xx_spi.o [1]
SPI_I2S_ReceiveData     0x08005105    0x4  Code  Gb  stm32f4xx_spi.o [1]
SPI_I2S_SendData        0x08005109    0x4  Code  Gb  stm32f4xx_spi.o [1]
SPI_Init                0x080050a9   0x40  Code  Gb  stm32f4xx_spi.o [1]
Servo_Angle             0x20000864    0x8  Data  Gb  arm_algorithm.o [1]
Servo_Set_Flag          0x20000947    0x1  Data  Gb  arm_algorithm.o [1]
SetSysClock             0x08009157   0xce  Code  Lc  system_stm32f4xx.o [1]
SysTick_CLKSourceConfig
                        0x080058cb   0x20  Code  Gb  misc.o [1]
SystemInit              0x08009105   0x52  Code  Gb  system_stm32f4xx.o [1]
TI1_Config              0x0800575f   0x38  Code  Lc  stm32f4xx_tim.o [1]
TI2_Config              0x08005797   0x42  Code  Lc  stm32f4xx_tim.o [1]
TI3_Config              0x080057d9   0x40  Code  Lc  stm32f4xx_tim.o [1]
TI4_Config              0x08005819   0x42  Code  Lc  stm32f4xx_tim.o [1]
TIM1_BRK_TIM9_IRQHandler
                        0x08005e11    0xc  Code  Gb  motor_speed.o [1]
TIM1_CC_IRQHandler      0x08005dc9    0xc  Code  Gb  motor_speed.o [1]
TIM1_TRG_COM_TIM11_IRQHandler
                        0x08005e29    0xc  Code  Gb  motor_speed.o [1]
TIM1_UP_TIM10_IRQHandler
                        0x08005e1d    0xc  Code  Gb  motor_speed.o [1]
TIM2_IRQHandler         0x08005dd5    0xc  Code  Gb  motor_speed.o [1]
TIM3_IRQHandler         0x08005de1    0xc  Code  Gb  motor_speed.o [1]
TIM4_IRQHandler         0x08005ded    0xc  Code  Gb  motor_speed.o [1]
TIM5_IRQHandler         0x08005df9    0xc  Code  Gb  motor_speed.o [1]
TIM7_IRQHandler         0x08004d6d   0x1c  Code  Gb  ms_timer.o [1]
TIM8_BRK_TIM12_IRQHandler
                        0x08005e35    0xc  Code  Gb  motor_speed.o [1]
TIM8_CC_IRQHandler      0x08005e05    0xc  Code  Gb  motor_speed.o [1]
TIM8_TRG_COM_TIM14_IRQHandler
                        0x08005e4d    0xc  Code  Gb  motor_speed.o [1]
TIM8_UP_TIM13_IRQHandler
                        0x08005e41    0xc  Code  Gb  motor_speed.o [1]
TIM_ClearFlag           0x08005721    0x8  Code  Gb  stm32f4xx_tim.o [1]
TIM_ClearITPendingBit   0x08005757    0x8  Code  Gb  stm32f4xx_tim.o [1]
TIM_Cmd                 0x080055eb   0x1c  Code  Gb  stm32f4xx_tim.o [1]
TIM_DeInit              0x08005401  0x17c  Code  Gb  stm32f4xx_tim.o [1]
TIM_GetCapture1         0x080056ad    0x4  Code  Gb  stm32f4xx_tim.o [1]
TIM_GetCapture2         0x080056b1    0x4  Code  Gb  stm32f4xx_tim.o [1]
TIM_GetCapture3         0x080056b5    0x4  Code  Gb  stm32f4xx_tim.o [1]
TIM_GetCapture4         0x080056b9    0x4  Code  Gb  stm32f4xx_tim.o [1]
TIM_GetCounter          0x080055e7    0x4  Code  Gb  stm32f4xx_tim.o [1]
TIM_GetITStatus         0x08005729   0x2e  Code  Gb  stm32f4xx_tim.o [1]
TIM_ICInit              0x0800563d   0x70  Code  Gb  stm32f4xx_tim.o [1]
TIM_ITConfig            0x08005709   0x18  Code  Gb  stm32f4xx_tim.o [1]
TIM_SetIC1Prescaler     0x080056bd   0x12  Code  Gb  stm32f4xx_tim.o [1]
TIM_SetIC2Prescaler     0x080056cf   0x14  Code  Gb  stm32f4xx_tim.o [1]
TIM_SetIC3Prescaler     0x080056e3   0x12  Code  Gb  stm32f4xx_tim.o [1]
TIM_SetIC4Prescaler     0x080056f5   0x14  Code  Gb  stm32f4xx_tim.o [1]
TIM_TimeBaseInit        0x0800557d   0x6a  Code  Gb  stm32f4xx_tim.o [1]
TIMx_IRQHandler         0x08005bd9  0x1f0  Code  Lc  motor_speed.o [1]
Time_Update_Count_100MS
                        0x2000092c    0x4  Data  Gb  motor_speed.o [1]
UART4_IRQHandler        0x08007497   0x3c  Code  Gb  servo.o [1]
USART2_IRQHandler       0x08008f3b   0x3c  Code  Gb  wireless_usart.o [1]
USART_ClearFlag         0x08007939    0xc  Code  Gb  stm32f4xx_usart.o [1]
USART_Cmd               0x0800786d   0x1c  Code  Gb  stm32f4xx_usart.o [1]
USART_DMACmd            0x080078b5   0x18  Code  Gb  stm32f4xx_usart.o [1]
USART_GetFlagStatus     0x0800791f   0x1a  Code  Gb  stm32f4xx_usart.o [1]
USART_GetITStatus       0x08007945   0x64  Code  Gb  stm32f4xx_usart.o [1]
USART_HalfDuplexCmd     0x08007899   0x1c  Code  Gb  stm32f4xx_usart.o [1]
USART_ITConfig          0x080078cd   0x52  Code  Gb  stm32f4xx_usart.o [1]
USART_Init              0x080077a9   0xb6  Code  Gb  stm32f4xx_usart.o [1]
USART_ReceiveData       0x08007891    0x8  Code  Gb  stm32f4xx_usart.o [1]
USART_SendData          0x08007889    0x8  Code  Gb  stm32f4xx_usart.o [1]
WIRELESS_USART_RX_BUF   0x200004cc   0xc8  Data  Gb  wireless_usart.o [1]
Wireless_Usart_len      0x20000956    0x1  Data  Gb  wireless_usart.o [1]
XCAR_PID_Control        0x08007c45   0xce  Code  Gb  speed_pid.o [1]
_EncodingSb_Mbtowc      0x08001eeb   0x30  Code  Gb  xencoding_sb.o [3]
_EncodingSb_Wctomb      0x08001ed1   0x1a  Code  Gb  xencoding_sb.o [3]
_GenldFull              0x08001043  0x24c  Code  Lc  xprintffull.o [3]
_IsdstStr               0x2000008c    0x4  Data  Gb  setlocale.o [3]
_LdtobFull              0x08000c41  0x3fc  Code  Lc  xprintffull.o [3]
_LitobFull              0x08000b39  0x106  Code  Lc  xprintffull.o [3]
_LocaleC_isspace        0x08008de5   0x14  Code  Gb  xlocale_c.o [3]
_LocaleC_tolower        0x08008df9    0xc  Code  Gb  xlocale_c.o [3]
_LocaleEncoding         0x08001ebf    0xe  Code  Gb  setlocale.o [3]
_LocaleForCat           0x08001ead   0x12  Code  Gb  setlocale.o [3]
_LocaleReturnString     0x200000ac   0x50  Data  Lc  setlocale.o [3]
_Locale_Profile         0x20000090   0x1c  Data  Gb  setlocale.o [3]
_Locale_aeabi_lconv     0x20000050   0x38  Data  Gb  localeconv.o [3]
_Locale_lconv           0x20000000   0x50  Data  Gb  localeconv.o [3]
_Mbtowc                 0x080012d7   0x20  Code  Gb  xmbtowc.o [3]
_PrintfFull             0x08000189  0x618  Code  Gb  xprintffull.o [3]
_PutcharsFull           0x0800128f   0x2e  Code  Lc  xprintffull.o [3]
_PutstrFull             0x08000827  0x30c  Code  Lc  xprintffull.o [3]
_SProut                 0x0800132f    0xa  Code  Gb  xsprout.o [3]
_TzoneStr               0x20000088    0x4  Data  Gb  setlocale.o [3]
_Wctomb                 0x08001485   0x1a  Code  Gb  xwctomb.o [3]
__aeabi_cdcmpeq         0x08005315         Code  Gb  DblCmpEq.o [4]
__aeabi_cdcmple         0x080016c9         Code  Gb  DblCmpLe.o [4]
__aeabi_cdrcmple        0x080016f9         Code  Gb  DblCmpGe.o [4]
__aeabi_d2f             0x080049d9         Code  Gb  DblToFlt.o [4]
__aeabi_d2iz            0x0800183d         Code  Gb  DblToI32.o [4]
__aeabi_d2uiz           0x08001869         Code  Gb  DblToI32.o [4]
__aeabi_dadd            0x08001f61         Code  Gb  DblAdd.o [4]
__aeabi_ddiv            0x08001be9         Code  Gb  DblDiv.o [4]
__aeabi_dmul            0x08001a45         Code  Gb  DblMul.o [4]
__aeabi_dsub            0x080018c5         Code  Gb  DblSub.o [4]
__aeabi_errno_addr      0x08004b01    0x6  Code  Gb  errno.o [3]
__aeabi_f2d             0x08004921         Code  Gb  FltToDbl.o [4]
__aeabi_i2d             0x08001895         Code  Gb  I32ToDbl.o [4]
__aeabi_ldiv0           0x08001f5d         Code  Gb  I64DivZer.o [5]
__aeabi_memset          0x08005399         Code  Gb  ABImemset.o [5]
__aeabi_ui2d            0x080018a9         Code  Gb  I32ToDbl.o [4]
__aeabi_uldivmod        0x08001599         Code  Gb  I64DivMod.o [5]
__as_entries_start      0xffffffff          --   Gb  command line/config [2]
__as_table_start        0xffffffff          --   Gb  command line/config [2]
__cmain                 0x080096ed         Code  Gb  cmain.o [5]
__data_Aldata           0x200008bc    0x8  Data  Gb  xxmemxmalloc.o [3]
__data_GetMemChunk      0x08001f31   0x2c  Code  Gb  xgetmemchunk.o [3]
__exit                  0x08009669   0x14  Code  Gb  exit.o [6]
__iar_Atan              0x080075b9  0x158  Code  Gb  xatan.o [4]
__iar_Dint              0x08006839   0x7e  Code  Gb  xdint.o [4]
__iar_Dnorm             0x08001687   0x42  Code  Gb  xdnorm.o [4]
__iar_Dscale            0x08001729  0x114  Code  Gb  xdscale.o [4]
__iar_Dtest             0x080052d5   0x30  Code  Gb  xdtest.o [4]
__iar_Errno             0x20000184    0x4  Data  Gb  errno.o [3]
__iar_FDint             0x08005905   0x50  Code  Gb  xfdint.o [4]
__iar_FRint             0x08005335   0x64  Code  Gb  xfrint.o [4]
__iar_Locale_lconv_init
                        0x08001e31   0x3a  Code  Gb  localeconv.o [3]
__iar_Mbcurmax          0x080013c9    0xa  Code  Gb  xmbcurmax.o [3]
__iar_Memchr            0x08001371         Code  Gb  memchr.o [5]
__iar_Memset            0x08005399         Code  Gb  ABImemset.o [5]
__iar_Memset_word       0x080053a1         Code  Gb  ABImemset.o [5]
__iar_Quad              0x080066d1  0x12c  Code  Gb  xquad.o [4]
__iar_Sin               0x08006279  0x452  Code  Gb  xsin.o [4]
__iar_Stolx             0x08009507   0x88  Code  Gb  xstol.o [3]
__iar_Stoulx            0x08008c29  0x13e  Code  Gb  xstoul.o [3]
__iar_Strchr            0x08001319         Code  Gb  strchr.o [5]
__iar_d2uiz             0x08001875         Code  Gb  DblToI32.o [4]
__iar_dadd              0x08001f75         Code  Gb  DblAdd.o [4]
__iar_data_init3        0x0800967d   0x28  Code  Gb  data_init.o [5]
__iar_dlib_perthread_access
                        0x08002049    0x2  Code  Gb  xtls.o [3]
__iar_dsub              0x080018d9         Code  Gb  DblSub.o [4]
__iar_dsubStart         0x080018eb         Code  Gb  DblSub.o [4]
__iar_edom              0x08004ad1         Code  Gb  iarEdom.o [5]
__iar_fmod              0x080068b9         Code  Gb  fmod.o [4]
__iar_fmodl             0x080068b9         Code  Gb  fmod.o [4]
__iar_init_vfp          0x080096d1         Code  Gb  fpinit_M.o [4]
__iar_packbits_init3    0x080095b1   0xb0  Code  Gb  packbits_init.o [5]
__iar_program_start     0x0800972d         Code  Gb  cstartup_M.o [5]
__iar_sqrt              0x08006e3d         Code  Gb  sqrt.o [4]
__iar_ui2d              0x080018ad         Code  Gb  I32ToDbl.o [4]
__iar_unaligned___aeabi_memcpy
                        0x080014a1         Code  Gb  ABImemcpy_unaligned.o [5]
__iar_unaligned___aeabi_memcpy4
                        0x080014c1         Code  Gb  ABImemcpy_unaligned.o [5]
__iar_unaligned___aeabi_memcpy8
                        0x080014c1         Code  Gb  ABImemcpy_unaligned.o [5]
__iar_vfp_acos          0x0800722d   0x10  Code  Gb  acos.o [4]
__iar_vfp_asin          0x0800704d   0x10  Code  Gb  asin.o [4]
__iar_vfp_atan          0x0800710d   0x10  Code  Gb  atan.o [4]
__iar_vfp_cos           0x0800724f   0x12  Code  Gb  cos.o [4]
__iar_vfp_fmax          0x080049c3   0x14  Code  Gb  fmax.o [4]
__iar_vfp_fmin          0x08004abd   0x14  Code  Gb  fmin.o [4]
__iar_vfp_round         0x08008721   0x42  Code  Gb  round.o [4]
__iar_vfp_sin           0x0800723d   0x12  Code  Gb  sin.o [4]
__iar_vfp_sqrt          0x08006e2d         Code  Gb  sqrt.o [4]
__iar_vfp_sqrtl         0x08006e2d         Code  Gb  sqrt.o [4]
__iar_zero_init3        0x080012f7   0x22  Code  Gb  zero_init3.o [5]
__low_level_init        0x08009707    0x4  Code  Gb  low_level_init.o [3]
__t                     0x2000085c    0x8  Data  Lc  acceleration.o [1]
__vector_table          0x08000000         Data  Gb  startup_stm32f40xx.o [1]
_call_main              0x080096f9         Code  Gb  cmain.o [5]
_counter                0x20000928    0x4  Data  Gb  millisecondtimer.o [1]
_exit                   0x08009711         Code  Gb  cexit.o [5]
_flash_Address_Sector   0x08004685   0x72  Code  Lc  flash.o [1]
_flash_Erase_Sectors    0x080046f7  0x148  Code  Lc  flash.o [1]
_main                   0x08009703         Code  Gb  cmain.o [5]
_ms_Capture_Init        0x08006039  0x1d2  Code  Gb  motor_speed.o [1]
_ms_GPIO_Init           0x08005e59  0x144  Code  Gb  motor_speed.o [1]
_ms_Get_Channel         0x08005b1b   0xaa  Code  Lc  motor_speed.o [1]
_ms_Timer_Init          0x08005f9d   0x9c  Code  Gb  motor_speed.o [1]
_mz                     0x2000086c    0x8  Data  Lc  compass.o [1]
_s_Motor_Speed          0x20000594   0x90  Data  Lc  motor_speed.o [1]
_servo_Data_Process     0x08007397  0x100  Code  Lc  servo.o [1]
_servo_Uart_Send        0x08007261   0x32  Code  Lc  servo.o [1]
_servo_angle_trim       0x08007293   0x3e  Code  Lc  servo.o [1]
_wireless_DMA_Init      0x08008e05   0x6a  Code  Lc  wireless_usart.o [1]
a                       0x08007768   0x40  Data  Lc  xatan.o [4]
abort                   0x08009661    0x6  Code  Gb  abort.o [3]
acc                     0x20000690   0x34  Data  Gb  acceleration.o [1]
accAverage              0x2000082c    0xc  Data  Gb  imu2.o [1]
accDetect               0x08003ae3    0x8  Code  Gb  acceleration.o [1]
accFilter               0x20000624   0x6c  Data  Lc  acceleration.o [1]
accGetAccumulationAverage
                        0x08003df7   0x58  Code  Gb  acceleration.o [1]
accInit                 0x08003aeb   0xdc  Code  Gb  acceleration.o [1]
accIsCalibrationComplete
                        0x08003bc7   0x12  Code  Gb  acceleration.o [1]
accLpfCutHz             0x2000093c    0x2  Data  Lc  acceleration.o [1]
accUpdate               0x08003d39   0xbe  Code  Gb  acceleration.o [1]
accelerationTrims       0x20000164    0x4  Data  Lc  acceleration.o [1]
accelerometerConfig     0x08003ab3   0x30  Code  Lc  acceleration.o [1]
accumulatedMeasurementCount
                        0x200008c4    0x4  Data  Lc  acceleration.o [1]
accumulatedMeasurementTimeUs
                        0x200008ec    0x4  Data  Lc  gyro.o [1]
accumulatedMeasurements
                        0x200007fc    0xc  Data  Lc  acceleration.o [1]
accumulatedMeasurements
                        0x20000814    0xc  Data  Lc  gyro.o [1]
accumulationLastTimeSampledUs
                        0x200008f4    0x4  Data  Lc  gyro.o [1]
acos                    0x0800711d   0xfa  Code  Gb  acos.o [4]
acos_approx             0x08002d8d   0x54  Code  Gb  maths.o [1]
ak8963BusDeInit         0x080045f3    0xe  Code  Gb  mpu9250.o [1]
ak8963BusInit           0x080045d1   0x22  Code  Lc  mpu9250.o [1]
ak8963Detect            0x08004601   0x54  Code  Gb  mpu9250.o [1]
ak8963Init              0x0800455f   0x72  Code  Lc  mpu9250.o [1]
ak8963Read              0x080044f7   0x68  Code  Lc  mpu9250.o [1]
ak8963ReadRegisterBuffer
                        0x080043af    0xc  Code  Lc  mpu9250.o [1]
ak8963SlaveCompleteRead
                        0x0800443d   0x28  Code  Lc  mpu9250.o [1]
ak8963SlaveQueuedReadTimeRemaining
                        0x08004417   0x26  Code  Lc  mpu9250.o [1]
ak8963SlaveReadData     0x08004465   0x92  Code  Lc  mpu9250.o [1]
ak8963SlaveReadRegisterBuffer
                        0x08004367   0x48  Code  Lc  mpu9250.o [1]
ak8963SlaveStartRead    0x080043c7   0x50  Code  Lc  mpu9250.o [1]
ak8963SlaveWriteRegister
                        0x08004331   0x36  Code  Lc  mpu9250.o [1]
ak8963SpiWriteRegisterDelay
                        0x0800431d   0x14  Code  Lc  mpu9250.o [1]
ak8963WriteRegister     0x080043bb    0xc  Code  Lc  mpu9250.o [1]
applyAccelerationTrims  0x08003ce3   0x56  Code  Lc  acceleration.o [1]
arm_Coordinate_Set      0x08006a61  0x342  Code  Gb  arm_algorithm.o [1]
arm_Init                0x08006da3   0x34  Code  Gb  arm_algorithm.o [1]
asin                    0x08006f2d  0x11a  Code  Gb  asin.o [4]
atan                    0x0800705d   0x9a  Code  Gb  atan.o [4]
atan2_approx            0x08002c61  0x12a  Code  Gb  maths.o [1]
attitude                0x20000894    0x8  Data  Gb  imu2.o [1]
biquadFilterApply       0x08004d15   0x42  Code  Gb  filter.o [1]
biquadFilterInit        0x08004bc9  0x13e  Code  Gb  filter.o [1]
biquadFilterInitLPF     0x08004b95   0x32  Code  Gb  filter.o [1]
calculateNyquistAdjustedNotchHz
                        0x08003487   0x24  Code  Lc  gyro.o [1]
calibratingA            0x2000093e    0x2  Data  Lc  acceleration.o [1]
car_Init                0x08009375    0x8  Code  Gb  CarMove.o [1]
car_Move                0x0800937d   0xc2  Code  Gb  CarMove.o [1]
car_dir_init            0x200008d4    0x4  Data  Gb  direction_pid.o [1]
compassDetect           0x08002f65    0x8  Code  Lc  compass.o [1]
compassInit             0x08002f6d   0x76  Code  Gb  compass.o [1]
compassIsHealthy        0x08002fe3   0x3a  Code  Gb  compass.o [1]
compassUpdate           0x0800301d  0x1e2  Code  Gb  compass.o [1]
cos_approx              0x08002c51   0x10  Code  Gb  maths.o [1]
degreesToRadians        0x08002e9d   0x14  Code  Gb  maths.o [1]
delay                   0x08003e8f   0x10  Code  Gb  millisecondtimer.o [1]
delay_init              0x0800862d   0x2a  Code  Gb  delay.o [1]
delay_ms                0x080086e5   0x3c  Code  Gb  delay.o [1]
delay_us                0x08008657   0x3c  Code  Gb  delay.o [1]
delay_xms               0x08008693   0x3e  Code  Gb  delay.o [1]
delayus                 0x08003eb3   0x14  Code  Gb  millisecondtimer.o [1]
devClear                0x08002e01    0x6  Code  Gb  maths.o [1]
devPush                 0x08002e07   0x60  Code  Gb  maths.o [1]
devStandardDeviation    0x08002e91    0xc  Code  Gb  maths.o [1]
devVariance             0x08002e69   0x22  Code  Gb  maths.o [1]
digits                  0x08008d6c   0x28  Data  Lc  xstoul.o [3]
dir_Cal_Speed_Target    0x08007ec5   0x68  Code  Gb  direction_pid.o [1]
dir_Conver_Speed        0x08007e49   0x7c  Code  Lc  direction_pid.o [1]
dir_PID_Control         0x08007d51   0xf8  Code  Lc  direction_pid.o [1]
dir_pid_param_D         0x200008dc    0x4  Data  Lc  direction_pid.o [1]
dir_pid_param_I         0x200008d8    0x4  Data  Lc  direction_pid.o [1]
dir_pid_param_P         0x2000016c    0x4  Data  Lc  direction_pid.o [1]
distance                0x20000924    0x4  Data  Gb  main.o [1]
div                     0x08001e9d    0xe  Code  Gb  div.o [3]
exit                    0x0800970b    0x4  Code  Gb  exit.o [3]
fac_ms                  0x20000940    0x2  Data  Lc  delay.o [1]
fac_us                  0x2000094a    0x1  Data  Lc  delay.o [1]
filterGetNotchQ         0x08004b83   0x12  Code  Gb  filter.o [1]
filterGyro              0x080037d3   0x66  Code  Lc  gyro.o [1]
filterGyroDebug         0x08003839   0x66  Code  Lc  gyro.o [1]
firstArmingCalibrationWasStarted
                        0x2000094d    0x1  Data  Gb  gyro.o [1]
flash_read              0x080048a3   0x58  Code  Gb  flash.o [1]
flash_write             0x0800483f   0x64  Code  Gb  flash.o [1]
fmax                    0x0800496f   0x4e  Code  Gb  fmax.o [4]
fmin                    0x08004a69   0x4e  Code  Gb  fmin.o [4]
fmod                    0x080068b9         Code  Gb  fmod.o [4]
fmodl                   0x080068b9         Code  Gb  fmod.o [4]
free                    0x08001519   0x7a  Code  Gb  xxmemxfree.o [3]
get_laserData           0x080090cd   0x36  Code  Gb  laser.o [1]
gyro                    0x200007ec   0x10  Data  Gb  gyro.o [1]
gyroCalculateCalibratingCycles
                        0x0800364d   0x1a  Code  Lc  gyro.o [1]
gyroConfig              0x08003235  0x120  Code  Lc  gyro.o [1]
gyroDebugMode           0x2000094c    0x1  Data  Lc  gyro.o [1]
gyroDetectSensor        0x080033b1    0x8  Code  Lc  gyro.o [1]
gyroGetAccumulationAverage
                        0x08003a11   0x58  Code  Gb  gyro.o [1]
gyroInit                0x0800392b   0x38  Code  Gb  gyro.o [1]
gyroInitFilterNotch1    0x080034ab   0x86  Code  Lc  gyro.o [1]
gyroInitFilterNotch2    0x08003531   0x86  Code  Lc  gyro.o [1]
gyroInitLowpassFilterLpf
                        0x080033b9   0xce  Code  Gb  gyro.o [1]
gyroInitSensor          0x08003355   0x5c  Code  Lc  gyro.o [1]
gyroInitSensorFilters   0x080035b7   0x5c  Code  Lc  gyro.o [1]
gyroPrevious            0x20000820    0xc  Data  Lc  gyro.o [1]
gyroSensor1             0x20000188  0x344  Data  Lc  gyro.o [1]
gyroSetCalibrationCycles
                        0x0800367f    0xe  Code  Lc  gyro.o [1]
gyroSetSampleRate       0x08004b0d   0x2a  Code  Gb  gyro_sync.o [1]
gyroStartCalibration    0x0800368d   0x26  Code  Gb  gyro.o [1]
gyroToUse               0x200008f0    0x4  Data  Lc  gyro.o [1]
gyroUpdate              0x08003963   0xaa  Code  Gb  gyro.o [1]
gyroUpdateSensor        0x0800389f   0x8c  Code  Lc  gyro.o [1]
imu2_init               0x080029f9   0xa2  Code  Gb  imu2.o [1]
imu2_yaw                0x20000918    0x4  Data  Gb  imu2.o [1]
imu2app                 0x08002aa9   0x82  Code  Gb  imu2.o [1]
imuCalcKpGain           0x08002871   0x26  Code  Lc  imu2.o [1]
imuCalculateEstimatedAttitude
                        0x08002899   0xf0  Code  Gb  imu2.o [1]
imuComputeRotationMatrix
                        0x080020ef  0x16c  Code  Lc  imu2.o [1]
imuConfig               0x2000015c    0x8  Data  Gb  imu2.o [1]
imuConfigure            0x0800225d   0x58  Code  Gb  imu2.o [1]
imuInit                 0x080022b9    0x8  Code  Gb  imu2.o [1]
imuIsAccelerometerHealthy
                        0x0800281d   0x54  Code  Lc  imu2.o [1]
imuMahonyAHRSupdate     0x080022d1  0x494  Code  Lc  imu2.o [1]
imuQuaternionComputeProducts
                        0x0800204d   0xa2  Code  Lc  imu2.o [1]
imuRun                  0x2000094f    0x1  Data  Lc  imu2.o [1]
imuRuntimeConfig        0x2000088c    0x8  Data  Gb  imu2.o [1]
imuUpdateAttitude       0x08002989   0x26  Code  Gb  imu2.o [1]
imuUpdateEulerAngles    0x08002769   0xb0  Code  Lc  imu2.o [1]
initialise              0x08003e81    0xe  Code  Gb  millisecondtimer.o [1]
invSqrt                 0x080022c1   0x10  Code  Lc  imu2.o [1]
isGyroCalibrationComplete
                        0x08003625   0x18  Code  Gb  gyro.o [1]
isGyroSensorCalibrationComplete
                        0x08003613   0x12  Code  Lc  gyro.o [1]
isOnFinalAccelerationCalibrationCycle
                        0x08003bd9   0x12  Code  Lc  acceleration.o [1]
isOnFinalGyroCalibrationCycle
                        0x0800363d   0x10  Code  Lc  gyro.o [1]
isOnFirstAccelerationCalibrationCycle
                        0x08003beb   0x14  Code  Lc  acceleration.o [1]
isOnFirstGyroCalibrationCycle
                        0x08003667   0x18  Code  Lc  gyro.o [1]
isspace                 0x08008dbd   0x14  Code  Gb  isxxx.o [3]
laserI2C                0x20000124   0x18  Data  Gb  laser.o [1]
laser_I2C_Init          0x08008f91   0x64  Code  Gb  laser.o [1]
laser_Init              0x08008ff5    0xa  Code  Gb  laser.o [1]
laser_WriteReg          0x08008fff   0x42  Code  Gb  laser.o [1]
laser_readReg           0x08009041   0x58  Code  Gb  laser.o [1]
localeconv              0x08001e6b   0x16  Code  Gb  localeconv.o [3]
lrintf                  0x08002f0d   0x4e  Code  Gb  lrintf.o [4]
mag                     0x200007dc   0x10  Data  Gb  compass.o [1]
magADCRaw               0x20000874    0x8  Data  Lc  compass.o [1]
magCalibrate            0x200008c8    0x4  Data  Lc  compass.o [1]
magDev                  0x200007b8   0x14  Data  Gb  compass.o [1]
magInit                 0x200008cc    0x4  Data  Lc  compass.o [1]
magZero                 0x20000168    0x4  Data  Lc  compass.o [1]
main                    0x08009259  0x11c  Code  Gb  main.o [1]
malloc                  0x080013d5   0xac  Code  Gb  xxmemxmalloc.o [3]
memchr                  0x08001371         Code  Gb  memchr.o [5]
memset                  0x08004d57   0x14  Code  Gb  memset.o [3]
micros                  0x08003e9f   0x14  Code  Gb  millisecondtimer.o [1]
motor_Init              0x08007f71   0x1a  Code  Gb  motor.o [1]
motor_ctrl              0x200008ac    0x8  Data  Gb  speed_pid.o [1]
mpu9250AccAndGyroInit   0x0800421d   0x6a  Code  Lc  mpu9250.o [1]
mpu9250SpiAccDetect     0x080042cd   0x10  Code  Gb  mpu9250.o [1]
mpu9250SpiAccInit       0x080041b9    0x8  Code  Gb  mpu9250.o [1]
mpu9250SpiDetect        0x08004287   0x46  Code  Gb  mpu9250.o [1]
mpu9250SpiGyroDetect    0x080042dd   0x16  Code  Gb  mpu9250.o [1]
mpu9250SpiGyroInit      0x080041a7   0x12  Code  Gb  mpu9250.o [1]
mpu9250SpiSlowReadRegisterBuffer
                        0x080040a9   0x46  Code  Gb  mpu9250.o [1]
mpu9250SpiWriteRegister
                        0x08004031   0x3e  Code  Gb  mpu9250.o [1]
mpu9250SpiWriteRegisterVerify
                        0x080041c1   0x5c  Code  Gb  mpu9250.o [1]
mpu9250_initok          0x20000950    0x1  Data  Lc  imu2.o [1]
mpuAccRead              0x0800413f   0x4a  Code  Gb  mpu9250.o [1]
mpuGyroDLPF             0x08004189   0x1e  Code  Gb  mpu9250.o [1]
mpuGyroReadSPI          0x080040ef   0x50  Code  Gb  mpu9250.o [1]
ms_Clear                0x08005ad7   0x44  Code  Gb  motor_speed.o [1]
ms_Get_Speed            0x08005955   0xd2  Code  Gb  motor_speed.o [1]
ms_IRQ                  0x08005a29   0xae  Code  Gb  motor_speed.o [1]
ms_Module_Init          0x08006269   0x10  Code  Gb  motor_speed.o [1]
ms_Timer_GetCount       0x08004deb    0xa  Code  Gb  ms_timer.o [1]
ms_Timer_Init           0x08004d89   0x62  Code  Gb  ms_timer.o [1]
ndigs                   0x08008d94   0x28  Data  Lc  xstoul.o [3]
nearbyintf              0x08004add   0x22  Code  Gb  nearbyintf.o [4]
nullFilterApply         0x08004b3d    0x2  Code  Gb  filter.o [1]
obstacle_flag           0x20000951    0x1  Data  Gb  main.o [1]
overflowDetected        0x2000094b    0x1  Data  Lc  gyro.o [1]
parseMag                0x080042f3   0x2a  Code  Lc  mpu9250.o [1]
performAcclerationCalibration
                        0x08003bff   0xe4  Code  Lc  acceleration.o [1]
performGyroCalibration  0x080036b9  0x11a  Code  Lc  gyro.o [1]
pid_param_C             0x2000017c    0x4  Data  Lc  speed_pid.o [1]
pt1FilterApply          0x08004b65   0x1e  Code  Gb  filter.o [1]
pt1FilterGain           0x08004b41   0x1a  Code  Gb  filter.o [1]
pt1FilterInit           0x08004b5b    0xa  Code  Gb  filter.o [1]
q                       0x2000013c   0x10  Data  Gb  imu2.o [1]
qP                      0x200000fc   0x28  Data  Gb  imu2.o [1]
queuedRead              0x2000089c    0x8  Data  Lc  mpu9250.o [1]
rMat                    0x2000071c   0x24  Data  Gb  imu2.o [1]
resetRollAndPitchTrims  0x08003aa9    0xa  Code  Lc  acceleration.o [1]
rollAndPitchTrims       0x20000914    0x4  Data  Gb  imu2.o [1]
servo_Init              0x080074d3   0xb0  Code  Gb  servo.o [1]
servo_Timer_Count       0x20000942    0x2  Data  Gb  servo.o [1]
servo_angle             0x20000850    0xc  Data  Lc  servo.o [1]
servo_recv_flag         0x20000953    0x1  Data  Lc  servo.o [1]
set_motorSpeed          0x08007f8b  0x13e  Code  Gb  motor.o [1]
set_servoAngle          0x080072d1   0xc6  Code  Gb  servo.o [1]
sin_approx              0x08002ba5   0xaa  Code  Gb  maths.o [1]
smallAngleCosZ          0x200008f8    0x4  Data  Lc  imu2.o [1]
speed_PID_Control       0x080079dd  0x268  Code  Lc  speed_pid.o [1]
speed_pid_param_D       0x20000930    0x4  Data  Lc  speed_pid.o [1]
speed_pid_param_I       0x20000178    0x4  Data  Lc  speed_pid.o [1]
speed_pid_param_P       0x20000174    0x4  Data  Lc  speed_pid.o [1]
speed_target_vary_limit
                        0x20000180    0x4  Data  Lc  speed_pid.o [1]
spiBusReadRegister      0x0800406f   0x3a  Code  Gb  mpu9250.o [1]
spiInit                 0x08003ed9   0xd6  Code  Gb  mpu9250.o [1]
spiRW                   0x08003faf   0x3a  Code  Lc  mpu9250.o [1]
spiTransfer_x           0x08003fe9   0x48  Code  Lc  mpu9250.o [1]
sprintf                 0x080079a9   0x34  Code  Gb  sprintf.o [3]
sqrt                    0x08006e3d         Code  Gb  sqrt.o [4]
sqrtf                   0x08002ef1         Code  Gb  sqrtf.o [4]
sqrtl                   0x08006e3d         Code  Gb  sqrt.o [4]
strchr                  0x08001319         Code  Gb  strchr.o [5]
strlen                  0x08001339         Code  Gb  strlen.o [5]
strtol                  0x08009501    0x6  Code  Gb  strtol.o [3]
timerHandler            0x08003ec7    0xc  Code  Gb  millisecondtimer.o [1]
tolower                 0x08008dd1   0x14  Code  Gb  tolower.o [3]
updateImu               0x080029af    0xc  Code  Gb  imu2.o [1]
userdata                0x20000838    0xc  Data  Gb  imu2.o [1]
wireless_protocol_parse
                        0x08009455   0xac  Code  Gb  wireless_protocol.o [1]
wireless_usart_init     0x08008e6f   0xcc  Code  Gb  wireless_usart.o [1]
xcar_speed_start_flag   0x200008a4    0x8  Data  Gb  speed_pid.o [1]


[1] = C:\Users\Lumos\Documents\WeChat Files\wxid_1tfekr8yl7fd22\FileStorage\File\2024-11\DISK-Robot\DISK-Robot\code\old_version\old_version\control_algo\Robot_algo\PIDAlgorithm\Project\Debug\Obj
[2] = command line
[3] = dl7M_tlf.a
[4] = m7M_tlv.a
[5] = rt7M_tl.a
[6] = shb_l.a

  38 952 bytes of readonly  code memory
     164 bytes of readonly  data memory
  18 775 bytes of readwrite data memory

Errors: none
Warnings: none
